version https://git-lfs.github.com/spec/v1
oid sha256:d305c50617b7cbf63003b80df87b6481de28aa30cd25917b673191e158a26a7d
size 571
